E: right side of pattern '|' introduces new variable 'y' (not allowed)
