E: right side of pattern '|' must use all variables bound on the left (use '_' if you want to ignore some)
