E: <bottom msg="require: not found" at <unknown>:1.1: >
