E: #err "nsnew0: mutable namespaces are removed; use { ... } literal"
