E: println: effect used in pure context (enable seq/chain)
E: #err "builtin: null"
