E: <bottom msg="namespace: immutable" at <unknown>:1.1: >
