E: prelude: unknown symbol: nsdef
E: <bottom msg="prelude: unknown symbol" at <unknown>:1.1: >
