E: #err "namespace: use (~ns __set) or (~ns .__set) for setter"
