<ROOT>/test/t54_include_malformed.ls:1.1-32: error: malformed include directive
