E: #err "include: cycle detected: a.ls -> b.ls -> a.ls"
