E: <bottom msg="raise: 123" at <unknown>:1.1:  args=[123]>
