E: <bottom msg="lambda match failure" at <unknown>:1.1: >
