; CoreIR dump (temporary)
(if (var true) (int 1) (int 2))
