E: <bottom msg="match: no case" at <unknown>:1.1: >
<bottom msg="match: no case">
